[esp32p4] [INF] Disabling RNG early entropy source...
[esp32p4] [INF] br_image_off = 0x20000
[esp32p4] [INF] ih_hdr_size = 0x20
[esp32p4] [INF] Loading image 0 - slot 0 from flash, area id: 1
[esp32p4] [INF] DRAM segment: start=0x20000, size=0x0, vaddr=0x4ff00000
[esp32p4] [INF] IRAM segment: start=0x20080, size=0xaaa4, vaddr=0x4ff40000
[esp32p4] [INF] LP_IRAM segment: paddr=0002ab24h, vaddr=30100024h, size=00088h (   136) load
[esp32p4] [INF] Mapped IROM: vaddr=0x40000000 paddr=0x30000 len=0x100000
[esp32p4] [INF] start=0x4ff47e0e
I (9489) hex_psram: vendor id    : 0x0d (AP)
I (9489) hex_psram: Latency      : 0x01 (Fixed)
I (9489) hex_psram: DriveStr.    : 0x00 (25 Ohm)
I (9490) hex_psram: dev id       : 0x03 (generation 4)
I (9495) hex_psram: density      : 0x07 (256 Mbit)
I (9499) hex_psram: good-die     : 0x06 (Pass)
I (9503) hex_psram: SRF          : 0x02 (Slow Refresh)
I (9508) hex_psram: BurstType    : 0x00 ( Wrap)
I (9513) hex_psram: BurstLen     : 0x03 (2048 Byte)
I (9517) hex_psram: BitMode      : 0x01 (X16 Mode)
I (9522) hex_psram: Readlatency  : 0x04 (14 cycles@Fixed)
I (9527) hex_psram: DriveStrength: 0x00 (1/1)
I (9531) MSPI Timing: Enter psram timing tuning
I (9691) esp_psram: Found 32MABCDMIPI PHY LDO ch3 @ 2500mV enabled
LCD reset pulsed on GPIO27 (J1->J6 jumper required)
Backlight disabled on GPIO26 (J1->J6 jumper required)
LCD power/reset path ready (EK79007)
SC2336 chip ID: 0xcb3a
esp_csi_data_init: CSI: 1920x1080, 2 lane(s) @ 405 Mbps, fb=2592000 bytes (align 64), color 1096237394->1096237394
Camera registered on /dev/video0
MIPI-DSI host registered (2 lanes @ 900 Mbps)
Configuring DPI 1024x600 @ 52 MHz...
EK79007 panel init...
LCD reset pulsed on GPIO27 (J1->J6 jumper required)
EK79007: panel initialized (2 lanes, 900 Mbps/lane)
Starting DSI video...
DSI-DMA[before-arm] fb=0x48278d80 lli=0x4ff63d40 nc=0x8ff63d40 isr=0 rst=0 chen0=00000000 ist=00000000 cist=00000000 sar=00000000 dar=00000000 bts=00000000 ctl=00001200 llp=00000000 cfg=0000000f st=00000000 dstat=00000000 brg=00000000
DSI-DMA[after-arm] fb=0x48278d80 lli=0x4ff63d40 nc=0x8ff63d40 isr=0 rst=1 chen0=00000002 ist=00000000 cist=00000000 sar=48278f80 dar=50105000 bts=000257ff ctl=001e1b41 llp=00000001 cfg=0000000f st=00000000 dstat=00000000 brg=00000000
DSI-DMA[t200ms] fb=0x48278d80 lli=0x4ff63d40 nc=0x8ff63d40 isr=15 rst=16 chen0=00000002 ist=00000000 cist=00000000 sar=48278f80 dar=50105000 bts=000257ff ctl=001e1b41 llp=00000001 cfg=0000000f st=00000000 dstat=00000000 brg=00000000
Backlight enabled on GPIO26 (J1->J6 jumper required)
/dev/fb0 ready 1024x600 RGB565 @ 0x48278d80 (1228800 bytes)
/dev/fb0 registered (EK79007)
I2C0 @400000 Hz: ACK from 0x18
I2C0 @400000 Hz: ACK from 0x30
I2C0 @400000 Hz: ACK from 0x5d
I2C0 @400000 Hz: scan done, 3 device(s)
I2C0 @100000 Hz: ACK from 0x18
I2C0 @100000 Hz: ACK from 0x30
I2C0 @100000 Hz: ACK from 0x5d
I2C0 @100000 Hz: scan done, 3 device(s)
GT911: raw ID at 0x5d = 39 31 31 00
GT911: product ID "911" at 0x5d
GT911: cfg x_max=1024 y_max=600 touch_num=5 (panel is 1024x600)
GT911: no INT line routed; running in polling mode
GT911 touchscreen registered at /dev/input0 (0x5d)
DNS nameserver set to 192.168.1.1

NuttShell (NSH)
nsh> [K