esp32p4 INF Disabling RNG early entropy source...
esp32p4 INF br_image_off = 0x20000
esp32p4 INF ih_hdr_size = 0x20
esp32p4 INF Loading image 0 - slot 0 from flash, area id: 1
esp32p4 INF DRAM segment: start=0x20000, size=0x0, vaddr=0x4ff00000
esp32p4 INF IRAM segment: start=0x20080, size=0x9488, vaddr=0x4ff40000
esp32p4 INF Mapped IROM: vaddr=0x40000000 paddr=0x30000 len=0xe0000
esp32p4 INF start=0x4ff475c4
MIPI PHY LDO ch3 @ 2500mV enabled
LCD reset pulsed on GPIO27 (J1->J6 jumper required)
Backlight disabled on GPIO26 (J1->J6 jumper required)
LCD power/reset path ready (EK79007)
MIPI-DSI host registered (2 lanes @ 900 Mbps)
Configuring DPI 1024x600 @ 52 MHz...
EK79007 panel init...
LCD reset pulsed on GPIO27 (J1->J6 jumper required)
ERROR: EK79007 DCS 0xb2 failed: -110 (1/9)
ERROR: EK79007: DCS init failed: -110
ERROR: failed to register /dev/fb0: -5
ERROR: GT911 not detected at 0x5d or 0x14 (check I2C0 GPIO7/GPIO8 and the panel FPC)
GT911: no INT line routed; running in polling mode
GT911 touchscreen registered at /dev/input0 (0x5d)
SC2336 chip ID: 0xcb3a
Camera registered on /dev/video0
NuttShell (NSH)
nsh>
